<html>
<body>
<pre>
<h1>µVision Build Log</h1>
<h2>Tool Versions:</h2>
IDE-Version: µVision V5.35.0.0
Copyright (C) 2021 ARM Ltd and ARM Germany GmbH. All rights reserved.
License Information: Ryan Root, The University of Texas at Austin, LIC=----
 
Tool Versions:
Toolchain:       MDK-Lite  Version: 5.35.0.2
Toolchain Path:  C:\Keil_v5\ARM\ARMCC\Bin
C Compiler:      Armcc.exe V5.06 update 7 (build 960)
Assembler:       Armasm.exe V5.06 update 7 (build 960)
Linker/Locator:  ArmLink.exe V5.06 update 7 (build 960)
Library Manager: ArmAr.exe V5.06 update 7 (build 960)
Hex Converter:   FromElf.exe V5.06 update 7 (build 960)
CPU DLL:         SARMCM3.DLL V5.35.0.2
Dialog DLL:      DCM.DLL V1.17.3.0
Target DLL:      lmidk-agdi.dll V???
Dialog DLL:      TCM.DLL V1.53.0.0
 
<h2>Project:</h2>
C:\Keil_v5\ValvanoWareTM4C123v5\DigitalCamera_EmbeddedSystemsLab\DigitalCamera\DigitalCamera.uvprojx
Project File Date:  12/03/2021

<h2>Output:</h2>
*** Using Compiler 'V5.06 update 7 (build 960)', folder: 'C:\Keil_v5\ARM\ARMCC\Bin'
Rebuild target 'DigitalCamera'
compiling ImageProcessor.c...
assembling startup.s...
compiling PortF.c...
compiling Timer3.c...
compiling StepperMotor.c...
compiling UART.c...
compiling Timer2.c...
compiling I2C0.c...
compiling esp8266.c...
compiling UltimateMain.c...
compiling SysTick.c...
compiling OV7670.c...
compiling PLL.c...
compiling ST7735.c...
compiling Bitmap.c...
Bitmap.c(31): warning:  #940-D: missing return statement at end of non-void function "buildFromBuffer" 
  }
Bitmap.c(35): warning:  #550-D: variable "image"  was set but never used
  	reducedBitmap image;
Bitmap.c: 2 warnings, 0 errors
compiling BlynkControl.c...
compiling Timer4A.c...
compiling PWM.c...
compiling Timer5A.c...
compiling ButtonFunctions.c...
compiling Camera_Port_Init.c...
linking...
Program Size: Code=5516 RO-data=2292 RW-data=280 ZI-data=2560  
".\Objects\DigitalCamera.axf" - 0 Error(s), 2 Warning(s).

<h2>Software Packages used:</h2>

Package Vendor: ARM
                http://www.keil.com/pack/ARM.CMSIS.5.8.0.pack
                ARM.CMSIS.5.8.0
                CMSIS (Common Microcontroller Software Interface Standard)
   * Component: CORE Version: 5.5.0

Package Vendor: Keil
                http://www.keil.com/pack/Keil.TM4C_DFP.1.1.0.pack
                Keil.TM4C_DFP.1.1.0
                Texas Instruments Tiva C Series Device Support and Examples

<h2>Collection of Component include folders:</h2>
  .\RTE\_DigitalCamera
  C:\Keil_v5\ARM\PACK\ARM\CMSIS\5.8.0\CMSIS\Core\Include
  C:\Keil_v5\ARM\PACK\Keil\TM4C_DFP\1.1.0\Device\Include\TM4C123

<h2>Collection of Component Files used:</h2>

   * Component: ARM::CMSIS:CORE:5.5.0
Build Time Elapsed:  00:00:02
</pre>
</body>
</html>
